corpus  : 1,506,161 tokeni antrenare / 79,271 validare
vocabular: 45 caractere
model    : 615,296 parametri, 3 blocuri, d_model=128, dezlegare=True
           entropie uniforma = 3.807 nats/car

pas     0 | pierdere 3.9027 | lr 4.00e-05 | |g|  3.62 |    0.4s
pas    20 | pierdere 3.0430 | lr 8.40e-04 | |g|  0.31 |    9.2s
pas    40 | pierdere 2.4986 | lr 1.64e-03 | |g|  1.16 |   17.5s
pas    60 | pierdere 1.7244 | lr 2.44e-03 | |g|  1.36 |   26.0s
pas    80 | pierdere 1.1748 | lr 3.24e-03 | |g|  1.34 |   34.6s
pas   100 | pierdere 0.7929 | lr 4.00e-03 | |g|  3.05 |   43.1s
pas   120 | pierdere 0.5533 | lr 4.00e-03 | |g|  1.42 |   51.5s
pas   140 | pierdere 0.4781 | lr 4.00e-03 | |g|  1.07 |   60.1s
pas   160 | pierdere 0.4221 | lr 3.99e-03 | |g|  0.78 |   68.7s
pas   180 | pierdere 0.3912 | lr 3.99e-03 | |g|  0.67 |   77.5s
        -> validare 0.3889 nats = 0.5611 biti/caracter
pas   200 | pierdere 0.3947 | lr 3.99e-03 | |g|  0.64 |   87.4s
pas   220 | pierdere 0.3822 | lr 3.98e-03 | |g|  0.42 |   96.0s
pas   240 | pierdere 0.3774 | lr 3.97e-03 | |g|  0.67 |  104.5s
pas   260 | pierdere 0.3587 | lr 3.96e-03 | |g|  0.30 |  113.0s
pas   280 | pierdere 0.3701 | lr 3.95e-03 | |g|  0.42 |  121.4s
pas   300 | pierdere 0.3430 | lr 3.94e-03 | |g|  0.31 |  130.1s
pas   320 | pierdere 0.3467 | lr 3.93e-03 | |g|  0.29 |  138.7s
pas   340 | pierdere 0.3466 | lr 3.92e-03 | |g|  0.22 |  147.3s
pas   360 | pierdere 0.3572 | lr 3.90e-03 | |g|  0.26 |  155.9s
pas   380 | pierdere 0.3515 | lr 3.89e-03 | |g|  0.29 |  164.7s
        -> validare 0.3416 nats = 0.4928 biti/caracter
pas   400 | pierdere 0.3361 | lr 3.87e-03 | |g|  0.19 |  174.8s
pas   420 | pierdere 0.3577 | lr 3.85e-03 | |g|  0.24 |  183.3s
pas   440 | pierdere 0.3433 | lr 3.83e-03 | |g|  0.23 |  191.9s
pas   460 | pierdere 0.3279 | lr 3.81e-03 | |g|  0.18 |  200.5s
pas   480 | pierdere 0.3365 | lr 3.79e-03 | |g|  0.20 |  208.9s
pas   500 | pierdere 0.3184 | lr 3.77e-03 | |g|  0.17 |  217.5s
pas   520 | pierdere 0.3322 | lr 3.75e-03 | |g|  0.18 |  226.0s
pas   540 | pierdere 0.3538 | lr 3.73e-03 | |g|  0.23 |  234.3s
pas   560 | pierdere 0.3298 | lr 3.70e-03 | |g|  0.15 |  243.0s
pas   580 | pierdere 0.3250 | lr 3.68e-03 | |g|  0.16 |  251.3s
        -> validare 0.3366 nats = 0.4856 biti/caracter
pas   600 | pierdere 0.3208 | lr 3.65e-03 | |g|  0.20 |  261.1s
pas   620 | pierdere 0.3369 | lr 3.62e-03 | |g|  0.15 |  269.7s
pas   640 | pierdere 0.3346 | lr 3.59e-03 | |g|  0.14 |  278.1s
pas   660 | pierdere 0.3332 | lr 3.56e-03 | |g|  0.16 |  286.8s
pas   680 | pierdere 0.3366 | lr 3.53e-03 | |g|  0.16 |  295.1s
pas   700 | pierdere 0.3276 | lr 3.50e-03 | |g|  0.17 |  303.5s
pas   720 | pierdere 0.3200 | lr 3.47e-03 | |g|  0.17 |  311.9s
pas   740 | pierdere 0.3226 | lr 3.44e-03 | |g|  0.15 |  320.3s
pas   760 | pierdere 0.3141 | lr 3.40e-03 | |g|  0.13 |  328.7s
pas   780 | pierdere 0.3146 | lr 3.37e-03 | |g|  0.12 |  337.1s
        -> validare 0.3264 nats = 0.4708 biti/caracter
pas   800 | pierdere 0.3210 | lr 3.33e-03 | |g|  0.13 |  346.7s
pas   820 | pierdere 0.3298 | lr 3.30e-03 | |g|  0.15 |  355.2s
pas   840 | pierdere 0.3163 | lr 3.26e-03 | |g|  0.13 |  363.4s
pas   860 | pierdere 0.3222 | lr 3.22e-03 | |g|  0.13 |  371.7s
pas   880 | pierdere 0.3220 | lr 3.18e-03 | |g|  0.12 |  380.1s
pas   900 | pierdere 0.3172 | lr 3.15e-03 | |g|  0.14 |  388.6s
pas   920 | pierdere 0.3287 | lr 3.11e-03 | |g|  0.12 |  397.0s
pas   940 | pierdere 0.3245 | lr 3.07e-03 | |g|  0.12 |  405.6s
pas   960 | pierdere 0.3330 | lr 3.03e-03 | |g|  0.13 |  414.1s
pas   980 | pierdere 0.3309 | lr 2.99e-03 | |g|  0.13 |  422.5s
        -> validare 0.3210 nats = 0.4632 biti/caracter
pas  1000 | pierdere 0.3104 | lr 2.94e-03 | |g|  0.09 |  432.2s
pas  1020 | pierdere 0.3165 | lr 2.90e-03 | |g|  0.10 |  440.6s
pas  1040 | pierdere 0.3257 | lr 2.86e-03 | |g|  0.12 |  448.8s
pas  1060 | pierdere 0.3091 | lr 2.82e-03 | |g|  0.14 |  457.2s
pas  1080 | pierdere 0.3205 | lr 2.77e-03 | |g|  0.10 |  465.5s
pas  1100 | pierdere 0.3263 | lr 2.73e-03 | |g|  0.11 |  473.9s
pas  1120 | pierdere 0.3248 | lr 2.68e-03 | |g|  0.11 |  483.1s
pas  1140 | pierdere 0.3190 | lr 2.64e-03 | |g|  0.12 |  491.4s
pas  1160 | pierdere 0.3147 | lr 2.60e-03 | |g|  0.11 |  499.8s
pas  1180 | pierdere 0.3222 | lr 2.55e-03 | |g|  0.10 |  508.2s
        -> validare 0.3203 nats = 0.4621 biti/caracter
pas  1200 | pierdere 0.3243 | lr 2.50e-03 | |g|  0.11 |  517.9s
pas  1220 | pierdere 0.3073 | lr 2.46e-03 | |g|  0.09 |  526.2s
pas  1240 | pierdere 0.3132 | lr 2.41e-03 | |g|  0.10 |  534.8s
pas  1260 | pierdere 0.3279 | lr 2.37e-03 | |g|  0.11 |  543.4s
pas  1280 | pierdere 0.3138 | lr 2.32e-03 | |g|  0.10 |  551.8s
pas  1300 | pierdere 0.3151 | lr 2.28e-03 | |g|  0.11 |  560.3s
pas  1320 | pierdere 0.3198 | lr 2.23e-03 | |g|  0.11 |  568.8s
pas  1340 | pierdere 0.3197 | lr 2.18e-03 | |g|  0.10 |  577.5s
pas  1360 | pierdere 0.3083 | lr 2.14e-03 | |g|  0.09 |  586.2s
pas  1380 | pierdere 0.3107 | lr 2.09e-03 | |g|  0.11 |  594.7s
        -> validare 0.3158 nats = 0.4556 biti/caracter
pas  1400 | pierdere 0.2968 | lr 2.04e-03 | |g|  0.09 |  604.6s
pas  1420 | pierdere 0.3126 | lr 2.00e-03 | |g|  0.10 |  612.9s
pas  1440 | pierdere 0.2969 | lr 1.95e-03 | |g|  0.09 |  621.5s
pas  1460 | pierdere 0.3055 | lr 1.91e-03 | |g|  0.11 |  630.1s
pas  1480 | pierdere 0.3177 | lr 1.86e-03 | |g|  0.10 |  638.6s
pas  1500 | pierdere 0.3053 | lr 1.82e-03 | |g|  0.10 |  647.1s
pas  1520 | pierdere 0.3176 | lr 1.77e-03 | |g|  0.11 |  655.6s
pas  1540 | pierdere 0.3165 | lr 1.72e-03 | |g|  0.09 |  664.2s
pas  1560 | pierdere 0.3210 | lr 1.68e-03 | |g|  0.12 |  672.7s
pas  1580 | pierdere 0.3156 | lr 1.64e-03 | |g|  0.13 |  681.3s
        -> validare 0.3133 nats = 0.4520 biti/caracter
pas  1600 | pierdere 0.3184 | lr 1.59e-03 | |g|  0.10 |  691.2s
pas  1620 | pierdere 0.3061 | lr 1.55e-03 | |g|  0.09 |  699.7s
pas  1640 | pierdere 0.3048 | lr 1.50e-03 | |g|  0.09 |  708.2s
pas  1660 | pierdere 0.3185 | lr 1.46e-03 | |g|  0.10 |  716.7s
pas  1680 | pierdere 0.3084 | lr 1.42e-03 | |g|  0.09 |  725.2s
pas  1700 | pierdere 0.3032 | lr 1.38e-03 | |g|  0.09 |  733.6s
pas  1720 | pierdere 0.3137 | lr 1.33e-03 | |g|  0.09 |  742.2s
pas  1740 | pierdere 0.3223 | lr 1.29e-03 | |g|  0.11 |  750.7s
pas  1760 | pierdere 0.3026 | lr 1.25e-03 | |g|  0.11 |  759.0s
pas  1780 | pierdere 0.3035 | lr 1.21e-03 | |g|  0.09 |  767.5s
        -> validare 0.3117 nats = 0.4498 biti/caracter
pas  1800 | pierdere 0.2986 | lr 1.17e-03 | |g|  0.09 |  777.4s
pas  1820 | pierdere 0.3128 | lr 1.14e-03 | |g|  0.09 |  785.9s
pas  1840 | pierdere 0.3055 | lr 1.10e-03 | |g|  0.09 |  794.5s
pas  1860 | pierdere 0.3111 | lr 1.06e-03 | |g|  0.10 |  802.9s
pas  1880 | pierdere 0.3085 | lr 1.02e-03 | |g|  0.08 |  811.4s
pas  1900 | pierdere 0.3002 | lr 9.87e-04 | |g|  0.07 |  820.0s
pas  1920 | pierdere 0.2945 | lr 9.52e-04 | |g|  0.08 |  828.5s
pas  1940 | pierdere 0.3194 | lr 9.17e-04 | |g|  0.09 |  836.9s
pas  1960 | pierdere 0.3009 | lr 8.84e-04 | |g|  0.12 |  845.4s
pas  1980 | pierdere 0.2992 | lr 8.51e-04 | |g|  0.11 |  853.8s
        -> validare 0.3090 nats = 0.4458 biti/caracter
pas  2000 | pierdere 0.2940 | lr 8.19e-04 | |g|  0.09 |  863.7s
pas  2020 | pierdere 0.3116 | lr 7.87e-04 | |g|  0.10 |  872.1s
pas  2040 | pierdere 0.2912 | lr 7.57e-04 | |g|  0.09 |  880.6s
pas  2060 | pierdere 0.3028 | lr 7.28e-04 | |g|  0.09 |  889.2s
pas  2080 | pierdere 0.2883 | lr 6.99e-04 | |g|  0.08 |  897.9s
pas  2100 | pierdere 0.3051 | lr 6.71e-04 | |g|  0.09 |  906.5s
pas  2120 | pierdere 0.3041 | lr 6.45e-04 | |g|  0.09 |  915.4s
pas  2140 | pierdere 0.3092 | lr 6.19e-04 | |g|  0.09 |  924.0s
pas  2160 | pierdere 0.3097 | lr 5.94e-04 | |g|  0.09 |  932.8s
pas  2180 | pierdere 0.2920 | lr 5.70e-04 | |g|  0.08 |  941.3s
        -> validare 0.3089 nats = 0.4456 biti/caracter
pas  2200 | pierdere 0.2906 | lr 5.48e-04 | |g|  0.08 |  951.4s
pas  2220 | pierdere 0.2857 | lr 5.26e-04 | |g|  0.10 |  960.0s
pas  2240 | pierdere 0.2894 | lr 5.05e-04 | |g|  0.08 |  968.8s
pas  2260 | pierdere 0.3017 | lr 4.85e-04 | |g|  0.10 |  977.6s
pas  2280 | pierdere 0.2997 | lr 4.67e-04 | |g|  0.10 |  986.1s
pas  2300 | pierdere 0.3038 | lr 4.49e-04 | |g|  0.09 |  994.7s
pas  2320 | pierdere 0.3087 | lr 4.33e-04 | |g|  0.09 | 1003.4s
pas  2340 | pierdere 0.3004 | lr 4.17e-04 | |g|  0.09 | 1011.9s
pas  2360 | pierdere 0.3112 | lr 4.03e-04 | |g|  0.09 | 1020.5s
pas  2380 | pierdere 0.2906 | lr 3.90e-04 | |g|  0.09 | 1029.3s
        -> validare 0.3080 nats = 0.4444 biti/caracter
pas  2400 | pierdere 0.2981 | lr 3.78e-04 | |g|  0.10 | 1039.3s
pas  2420 | pierdere 0.2949 | lr 3.67e-04 | |g|  0.11 | 1047.8s
pas  2440 | pierdere 0.2818 | lr 3.57e-04 | |g|  0.09 | 1056.6s
pas  2460 | pierdere 0.3002 | lr 3.48e-04 | |g|  0.09 | 1065.5s
pas  2480 | pierdere 0.2923 | lr 3.41e-04 | |g|  0.10 | 1074.2s
pas  2500 | pierdere 0.2978 | lr 3.35e-04 | |g|  0.09 | 1083.6s
pas  2520 | pierdere 0.3047 | lr 3.29e-04 | |g|  0.09 | 1092.1s
pas  2540 | pierdere 0.3072 | lr 3.25e-04 | |g|  0.09 | 1101.0s
pas  2560 | pierdere 0.2910 | lr 3.22e-04 | |g|  0.09 | 1109.5s
pas  2580 | pierdere 0.2985 | lr 3.21e-04 | |g|  0.09 | 1118.4s
pas  2599 | pierdere 0.3001 | lr 3.20e-04 | |g|  0.08 | 1126.7s
        -> validare 0.3090 nats = 0.4458 biti/caracter

cea mai buna validare: 0.3080 nats = 0.4444 biti/caracter
salvat in checkpoints/rezonet_v3.npz  (1128s total)
